// Jest Snapshot v1, https://goo.gl/fbAQLP

exports[`Head renders a head 1`] = `<head />`;
